app/admin/login/page.tsx(13,21): error TS2322: Type '{ routing: "hash"; afterSignInUrl: string; appearance: { elements: { rootBox: string; card: string; headerTitle: string; headerSubtitle: string; socialButtonsBlockButton: string; formButtonPrimary: string; ... 4 more ...; formFieldAction: string; }; }; }' is not assignable to type 'IntrinsicAttributes & Without<WithClerkProp<SignInProps & FallbackProp>, "clerk">'.
  Property 'afterSignInUrl' does not exist on type 'IntrinsicAttributes & Without<{ path?: undefined; routing?: "hash" | undefined; } & { forceRedirectUrl?: string | null | undefined; fallbackRedirectUrl?: string | null | undefined; ... 9 more ...; oidcPrompt?: string | undefined; } & ... 5 more ... & { ...; }, "clerk">'. Did you mean 'afterSignOutUrl'?
